g++ : g++.exe: error: main.cpp: No such file or directory
At line:1 char:1
+ g++ -Wall -g -std=c++11 -o ms.exe main.cpp Ordering.cpp Food.cpp Drin ...
+ ~~~~~~~~~~~~~~~~~~~~~~~~~~~~~~~~~~~~~~~~~~~~~~~~~~~~~~~~~~~~~~~~~~~~~
    + CategoryInfo          : NotSpecified: (g++.exe: error:...le or directory:String) [], RemoteException
    + FullyQualifiedErrorId : NativeCommandError
 
g++.exe: error: Ordering.cpp: No such file or directory
g++.exe: error: Food.cpp: No such file or directory
g++.exe: error: Drink.cpp: No such file or directory
g++.exe: error: Billable.cpp: No such file or directory
g++.exe: error: Menu.cpp: No such file or directory
g++.exe: error: Utils.cpp: No such file or directory
g++.exe: fatal error: no input files
compilation terminated.
